Screen.hpp:104:18:virtual void touchgfx::Screen::afterTransition()	0	static
Screen.hpp:154:18:virtual void touchgfx::Screen::handleKeyEvent(uint8_t)	0	static
Screen1View.cpp:32:6:virtual void Screen1View::tearDownScreen()	0	static
Screen1View.cpp:193:6:virtual void Screen1View::stepHL1()	0	static
Screen1View.cpp:197:6:virtual void Screen1View::stepHL2()	0	static
Screen1View.cpp:201:6:virtual void Screen1View::stepHL3()	0	static
Screen1View.cpp:205:6:virtual void Screen1View::stepHL4()	0	static
Screen1View.cpp:209:6:virtual void Screen1View::stepHL5()	0	static
Screen1View.cpp:213:6:virtual void Screen1View::stepHL6()	0	static
Screen1View.cpp:217:6:virtual void Screen1View::stepHL7()	0	static
Screen1View.cpp:221:6:virtual void Screen1View::stepHL8()	0	static
Screen1View.cpp:224:6:virtual void Screen1View::stepHL9()	0	static
Screen1View.cpp:228:6:virtual void Screen1View::stepHL10()	0	static
Screen1View.cpp:232:6:virtual void Screen1View::stepHL11()	0	static
Screen1View.cpp:236:6:virtual void Screen1View::stepHL12()	0	static
Screen1View.cpp:240:6:virtual void Screen1View::stepHL13()	0	static
Screen1View.cpp:244:6:virtual void Screen1View::stepHL14()	0	static
Screen1View.cpp:248:6:virtual void Screen1View::stepHL15()	0	static
Screen1View.cpp:252:6:virtual void Screen1View::stepHL16()	0	static
Screen1View.cpp:256:6:virtual void Screen1View::stepHL1_2()	0	static
Screen1View.cpp:260:6:virtual void Screen1View::stepHL2_2()	0	static
Screen1View.cpp:264:6:virtual void Screen1View::stepHL3_2()	0	static
Screen1View.cpp:268:6:virtual void Screen1View::stepHL4_2()	0	static
Screen1View.cpp:272:6:virtual void Screen1View::stepHL5_2()	0	static
Screen1View.cpp:276:6:virtual void Screen1View::stepHL6_2()	0	static
Screen1View.cpp:280:6:virtual void Screen1View::stepHL7_2()	0	static
Screen1View.cpp:284:6:virtual void Screen1View::stepHL8_2()	0	static
Screen1View.cpp:287:6:virtual void Screen1View::stepHL9_2()	0	static
Screen1View.cpp:291:6:virtual void Screen1View::stepHL10_2()	0	static
Screen1View.cpp:295:6:virtual void Screen1View::stepHL11_2()	0	static
Screen1View.cpp:299:6:virtual void Screen1View::stepHL12_2()	0	static
Screen1View.cpp:303:6:virtual void Screen1View::stepHL13_2()	0	static
Screen1View.cpp:307:6:virtual void Screen1View::stepHL14_2()	0	static
Screen1View.cpp:311:6:virtual void Screen1View::stepHL15_2()	0	static
Screen1View.cpp:315:6:virtual void Screen1View::stepHL16_2()	0	static
Screen1View.cpp:319:6:virtual void Screen1View::stepHL1_3()	0	static
Screen1View.cpp:323:6:virtual void Screen1View::stepHL2_3()	0	static
Screen1View.cpp:327:6:virtual void Screen1View::stepHL3_3()	0	static
Screen1View.cpp:331:6:virtual void Screen1View::stepHL4_3()	0	static
Screen1View.cpp:335:6:virtual void Screen1View::stepHL5_3()	0	static
Screen1View.cpp:339:6:virtual void Screen1View::stepHL6_3()	0	static
Screen1View.cpp:343:6:virtual void Screen1View::stepHL7_3()	0	static
Screen1View.cpp:347:6:virtual void Screen1View::stepHL8_3()	0	static
Screen1View.cpp:350:6:virtual void Screen1View::stepHL9_3()	0	static
Screen1View.cpp:354:6:virtual void Screen1View::stepHL10_3()	0	static
Screen1View.cpp:358:6:virtual void Screen1View::stepHL11_3()	0	static
Screen1View.cpp:362:6:virtual void Screen1View::stepHL12_3()	0	static
Screen1View.cpp:366:6:virtual void Screen1View::stepHL13_3()	0	static
Screen1View.cpp:370:6:virtual void Screen1View::stepHL14_3()	0	static
Screen1View.cpp:374:6:virtual void Screen1View::stepHL15_3()	0	static
Screen1View.cpp:378:6:virtual void Screen1View::stepHL16_3()	0	static
Screen1View.cpp:382:6:virtual void Screen1View::stepHL1_4()	0	static
Screen1View.cpp:386:6:virtual void Screen1View::stepHL2_4()	0	static
Screen1View.cpp:390:6:virtual void Screen1View::stepHL3_4()	0	static
Screen1View.cpp:394:6:virtual void Screen1View::stepHL4_4()	0	static
Screen1View.cpp:398:6:virtual void Screen1View::stepHL5_4()	0	static
Screen1View.cpp:402:6:virtual void Screen1View::stepHL6_4()	0	static
Screen1View.cpp:406:6:virtual void Screen1View::stepHL7_4()	0	static
Screen1View.cpp:410:6:virtual void Screen1View::stepHL8_4()	0	static
Screen1View.cpp:413:6:virtual void Screen1View::stepHL9_4()	0	static
Screen1View.cpp:417:6:virtual void Screen1View::stepHL10_4()	0	static
Screen1View.cpp:421:6:virtual void Screen1View::stepHL11_4()	0	static
Screen1View.cpp:425:6:virtual void Screen1View::stepHL12_4()	0	static
Screen1View.cpp:429:6:virtual void Screen1View::stepHL13_4()	0	static
Screen1View.cpp:433:6:virtual void Screen1View::stepHL14_4()	0	static
Screen1View.cpp:437:6:virtual void Screen1View::stepHL15_4()	0	static
Screen1View.cpp:441:6:virtual void Screen1View::stepHL16_4()	0	static
Screen1View.hpp:11:13:Screen1View::~Screen1View()	8	static
Screen1View.hpp:11:13:virtual Screen1View::~Screen1View()	8	static
Screen1View.cpp:8:1:Screen1View::Screen1View()	8	static
Screen1View.cpp:11:6:virtual void Screen1View::setupScreen()	8	static
Screen1View.cpp:37:6:virtual void Screen1View::handleTickEvent()	16	static
Screen1View.cpp:169:6:void Screen1View::updateBPM(int)	8	static
Screen1View.cpp:187:6:virtual void Screen1View::tmpChange(int)	16	static
