../../Middlewares/ST/touchgfx/framework/include/touchgfx/Screen.hpp:104:18:virtual void touchgfx::Screen::afterTransition()	0	static
../../Middlewares/ST/touchgfx/framework/include/touchgfx/Screen.hpp:154:18:virtual void touchgfx::Screen::handleKeyEvent(uint8_t)	0	static
C:/TouchGFXProjects/StepSeq/TouchGFX/gui/src/screen1_screen/Screen1View.cpp:40:6:virtual void Screen1View::tearDownScreen()	0	static
C:/TouchGFXProjects/StepSeq/TouchGFX/gui/src/screen1_screen/Screen1View.cpp:220:6:virtual void Screen1View::stepHL1()	0	static
C:/TouchGFXProjects/StepSeq/TouchGFX/gui/src/screen1_screen/Screen1View.cpp:224:6:virtual void Screen1View::stepHL2()	0	static
C:/TouchGFXProjects/StepSeq/TouchGFX/gui/src/screen1_screen/Screen1View.cpp:228:6:virtual void Screen1View::stepHL3()	0	static
C:/TouchGFXProjects/StepSeq/TouchGFX/gui/src/screen1_screen/Screen1View.cpp:232:6:virtual void Screen1View::stepHL4()	0	static
C:/TouchGFXProjects/StepSeq/TouchGFX/gui/src/screen1_screen/Screen1View.cpp:236:6:virtual void Screen1View::stepHL5()	0	static
C:/TouchGFXProjects/StepSeq/TouchGFX/gui/src/screen1_screen/Screen1View.cpp:240:6:virtual void Screen1View::stepHL6()	0	static
C:/TouchGFXProjects/StepSeq/TouchGFX/gui/src/screen1_screen/Screen1View.cpp:244:6:virtual void Screen1View::stepHL7()	0	static
C:/TouchGFXProjects/StepSeq/TouchGFX/gui/src/screen1_screen/Screen1View.cpp:248:6:virtual void Screen1View::stepHL8()	0	static
C:/TouchGFXProjects/StepSeq/TouchGFX/gui/src/screen1_screen/Screen1View.cpp:251:6:virtual void Screen1View::stepHL9()	0	static
C:/TouchGFXProjects/StepSeq/TouchGFX/gui/src/screen1_screen/Screen1View.cpp:255:6:virtual void Screen1View::stepHL10()	0	static
C:/TouchGFXProjects/StepSeq/TouchGFX/gui/src/screen1_screen/Screen1View.cpp:259:6:virtual void Screen1View::stepHL11()	0	static
C:/TouchGFXProjects/StepSeq/TouchGFX/gui/src/screen1_screen/Screen1View.cpp:263:6:virtual void Screen1View::stepHL12()	0	static
C:/TouchGFXProjects/StepSeq/TouchGFX/gui/src/screen1_screen/Screen1View.cpp:267:6:virtual void Screen1View::stepHL13()	0	static
C:/TouchGFXProjects/StepSeq/TouchGFX/gui/src/screen1_screen/Screen1View.cpp:271:6:virtual void Screen1View::stepHL14()	0	static
C:/TouchGFXProjects/StepSeq/TouchGFX/gui/src/screen1_screen/Screen1View.cpp:275:6:virtual void Screen1View::stepHL15()	0	static
C:/TouchGFXProjects/StepSeq/TouchGFX/gui/src/screen1_screen/Screen1View.cpp:279:6:virtual void Screen1View::stepHL16()	0	static
C:/TouchGFXProjects/StepSeq/TouchGFX/gui/src/screen1_screen/Screen1View.cpp:283:6:virtual void Screen1View::stepHL1_2()	0	static
C:/TouchGFXProjects/StepSeq/TouchGFX/gui/src/screen1_screen/Screen1View.cpp:287:6:virtual void Screen1View::stepHL2_2()	0	static
C:/TouchGFXProjects/StepSeq/TouchGFX/gui/src/screen1_screen/Screen1View.cpp:291:6:virtual void Screen1View::stepHL3_2()	0	static
C:/TouchGFXProjects/StepSeq/TouchGFX/gui/src/screen1_screen/Screen1View.cpp:295:6:virtual void Screen1View::stepHL4_2()	0	static
C:/TouchGFXProjects/StepSeq/TouchGFX/gui/src/screen1_screen/Screen1View.cpp:299:6:virtual void Screen1View::stepHL5_2()	0	static
C:/TouchGFXProjects/StepSeq/TouchGFX/gui/src/screen1_screen/Screen1View.cpp:303:6:virtual void Screen1View::stepHL6_2()	0	static
C:/TouchGFXProjects/StepSeq/TouchGFX/gui/src/screen1_screen/Screen1View.cpp:307:6:virtual void Screen1View::stepHL7_2()	0	static
C:/TouchGFXProjects/StepSeq/TouchGFX/gui/src/screen1_screen/Screen1View.cpp:311:6:virtual void Screen1View::stepHL8_2()	0	static
C:/TouchGFXProjects/StepSeq/TouchGFX/gui/src/screen1_screen/Screen1View.cpp:314:6:virtual void Screen1View::stepHL9_2()	0	static
C:/TouchGFXProjects/StepSeq/TouchGFX/gui/src/screen1_screen/Screen1View.cpp:318:6:virtual void Screen1View::stepHL10_2()	0	static
C:/TouchGFXProjects/StepSeq/TouchGFX/gui/src/screen1_screen/Screen1View.cpp:322:6:virtual void Screen1View::stepHL11_2()	0	static
C:/TouchGFXProjects/StepSeq/TouchGFX/gui/src/screen1_screen/Screen1View.cpp:326:6:virtual void Screen1View::stepHL12_2()	0	static
C:/TouchGFXProjects/StepSeq/TouchGFX/gui/src/screen1_screen/Screen1View.cpp:330:6:virtual void Screen1View::stepHL13_2()	0	static
C:/TouchGFXProjects/StepSeq/TouchGFX/gui/src/screen1_screen/Screen1View.cpp:334:6:virtual void Screen1View::stepHL14_2()	0	static
C:/TouchGFXProjects/StepSeq/TouchGFX/gui/src/screen1_screen/Screen1View.cpp:338:6:virtual void Screen1View::stepHL15_2()	0	static
C:/TouchGFXProjects/StepSeq/TouchGFX/gui/src/screen1_screen/Screen1View.cpp:342:6:virtual void Screen1View::stepHL16_2()	0	static
C:/TouchGFXProjects/StepSeq/TouchGFX/gui/src/screen1_screen/Screen1View.cpp:346:6:virtual void Screen1View::stepHL1_3()	0	static
C:/TouchGFXProjects/StepSeq/TouchGFX/gui/src/screen1_screen/Screen1View.cpp:350:6:virtual void Screen1View::stepHL2_3()	0	static
C:/TouchGFXProjects/StepSeq/TouchGFX/gui/src/screen1_screen/Screen1View.cpp:354:6:virtual void Screen1View::stepHL3_3()	0	static
C:/TouchGFXProjects/StepSeq/TouchGFX/gui/src/screen1_screen/Screen1View.cpp:358:6:virtual void Screen1View::stepHL4_3()	0	static
C:/TouchGFXProjects/StepSeq/TouchGFX/gui/src/screen1_screen/Screen1View.cpp:362:6:virtual void Screen1View::stepHL5_3()	0	static
C:/TouchGFXProjects/StepSeq/TouchGFX/gui/src/screen1_screen/Screen1View.cpp:366:6:virtual void Screen1View::stepHL6_3()	0	static
C:/TouchGFXProjects/StepSeq/TouchGFX/gui/src/screen1_screen/Screen1View.cpp:370:6:virtual void Screen1View::stepHL7_3()	0	static
C:/TouchGFXProjects/StepSeq/TouchGFX/gui/src/screen1_screen/Screen1View.cpp:374:6:virtual void Screen1View::stepHL8_3()	0	static
C:/TouchGFXProjects/StepSeq/TouchGFX/gui/src/screen1_screen/Screen1View.cpp:377:6:virtual void Screen1View::stepHL9_3()	0	static
C:/TouchGFXProjects/StepSeq/TouchGFX/gui/src/screen1_screen/Screen1View.cpp:381:6:virtual void Screen1View::stepHL10_3()	0	static
C:/TouchGFXProjects/StepSeq/TouchGFX/gui/src/screen1_screen/Screen1View.cpp:385:6:virtual void Screen1View::stepHL11_3()	0	static
C:/TouchGFXProjects/StepSeq/TouchGFX/gui/src/screen1_screen/Screen1View.cpp:389:6:virtual void Screen1View::stepHL12_3()	0	static
C:/TouchGFXProjects/StepSeq/TouchGFX/gui/src/screen1_screen/Screen1View.cpp:393:6:virtual void Screen1View::stepHL13_3()	0	static
C:/TouchGFXProjects/StepSeq/TouchGFX/gui/src/screen1_screen/Screen1View.cpp:397:6:virtual void Screen1View::stepHL14_3()	0	static
C:/TouchGFXProjects/StepSeq/TouchGFX/gui/src/screen1_screen/Screen1View.cpp:401:6:virtual void Screen1View::stepHL15_3()	0	static
C:/TouchGFXProjects/StepSeq/TouchGFX/gui/src/screen1_screen/Screen1View.cpp:405:6:virtual void Screen1View::stepHL16_3()	0	static
C:/TouchGFXProjects/StepSeq/TouchGFX/gui/src/screen1_screen/Screen1View.cpp:409:6:virtual void Screen1View::stepHL1_4()	0	static
C:/TouchGFXProjects/StepSeq/TouchGFX/gui/src/screen1_screen/Screen1View.cpp:413:6:virtual void Screen1View::stepHL2_4()	0	static
C:/TouchGFXProjects/StepSeq/TouchGFX/gui/src/screen1_screen/Screen1View.cpp:417:6:virtual void Screen1View::stepHL3_4()	0	static
C:/TouchGFXProjects/StepSeq/TouchGFX/gui/src/screen1_screen/Screen1View.cpp:421:6:virtual void Screen1View::stepHL4_4()	0	static
C:/TouchGFXProjects/StepSeq/TouchGFX/gui/src/screen1_screen/Screen1View.cpp:425:6:virtual void Screen1View::stepHL5_4()	0	static
C:/TouchGFXProjects/StepSeq/TouchGFX/gui/src/screen1_screen/Screen1View.cpp:429:6:virtual void Screen1View::stepHL6_4()	0	static
C:/TouchGFXProjects/StepSeq/TouchGFX/gui/src/screen1_screen/Screen1View.cpp:433:6:virtual void Screen1View::stepHL7_4()	0	static
C:/TouchGFXProjects/StepSeq/TouchGFX/gui/src/screen1_screen/Screen1View.cpp:437:6:virtual void Screen1View::stepHL8_4()	0	static
C:/TouchGFXProjects/StepSeq/TouchGFX/gui/src/screen1_screen/Screen1View.cpp:440:6:virtual void Screen1View::stepHL9_4()	0	static
C:/TouchGFXProjects/StepSeq/TouchGFX/gui/src/screen1_screen/Screen1View.cpp:444:6:virtual void Screen1View::stepHL10_4()	0	static
C:/TouchGFXProjects/StepSeq/TouchGFX/gui/src/screen1_screen/Screen1View.cpp:448:6:virtual void Screen1View::stepHL11_4()	0	static
C:/TouchGFXProjects/StepSeq/TouchGFX/gui/src/screen1_screen/Screen1View.cpp:452:6:virtual void Screen1View::stepHL12_4()	0	static
C:/TouchGFXProjects/StepSeq/TouchGFX/gui/src/screen1_screen/Screen1View.cpp:456:6:virtual void Screen1View::stepHL13_4()	0	static
C:/TouchGFXProjects/StepSeq/TouchGFX/gui/src/screen1_screen/Screen1View.cpp:460:6:virtual void Screen1View::stepHL14_4()	0	static
C:/TouchGFXProjects/StepSeq/TouchGFX/gui/src/screen1_screen/Screen1View.cpp:464:6:virtual void Screen1View::stepHL15_4()	0	static
C:/TouchGFXProjects/StepSeq/TouchGFX/gui/src/screen1_screen/Screen1View.cpp:468:6:virtual void Screen1View::stepHL16_4()	0	static
../../TouchGFX/gui/include/gui/screen1_screen/Screen1View.hpp:11:13:Screen1View::~Screen1View()	8	static
../../TouchGFX/gui/include/gui/screen1_screen/Screen1View.hpp:11:13:virtual Screen1View::~Screen1View()	8	static
../../Middlewares/ST/touchgfx/framework/include/touchgfx/Drawable.hpp:343:10:void touchgfx::Drawable::setXY(int16_t, int16_t)	16	static
C:/TouchGFXProjects/StepSeq/TouchGFX/gui/src/screen1_screen/Screen1View.cpp:12:1:Screen1View::Screen1View()	8	static
C:/TouchGFXProjects/StepSeq/TouchGFX/gui/src/screen1_screen/Screen1View.cpp:15:6:virtual void Screen1View::setupScreen()	8	static
C:/TouchGFXProjects/StepSeq/TouchGFX/gui/src/screen1_screen/Screen1View.cpp:45:6:virtual void Screen1View::handleTickEvent()	16	static
C:/TouchGFXProjects/StepSeq/TouchGFX/gui/src/screen1_screen/Screen1View.cpp:736:6:virtual void Screen1View::play_stop()	24	static
C:/TouchGFXProjects/StepSeq/TouchGFX/gui/src/screen1_screen/Screen1View.cpp:196:6:void Screen1View::updateBPM(int)	8	static
C:/TouchGFXProjects/StepSeq/TouchGFX/gui/src/screen1_screen/Screen1View.cpp:214:6:virtual void Screen1View::tmpChange(int)	8	static
../../Middlewares/ST/touchgfx/framework/include/touchgfx/widgets/ToggleButton.hpp:35:18:virtual void touchgfx::ToggleButton::setBitmaps(const touchgfx::Bitmap&, const touchgfx::Bitmap&)	0	static
C:/TouchGFXProjects/StepSeq/TouchGFX/gui/src/screen1_screen/Screen1View.cpp:472:6:virtual void Screen1View::allclear()	32	static
